mode: atomic
github.com/geored/taskctl/task/task.go:45.45,46.31 1 18
github.com/geored/taskctl/task/task.go:46.31,48.3 1 8
github.com/geored/taskctl/task/task.go:49.2,50.16 2 10
github.com/geored/taskctl/task/task.go:50.16,53.3 2 1
github.com/geored/taskctl/task/task.go:56.2,60.27 3 9
github.com/geored/taskctl/task/task.go:95.52,100.27 2 52
github.com/geored/taskctl/task/task.go:100.27,102.3 1 3
github.com/geored/taskctl/task/task.go:109.2,109.85 1 49
github.com/geored/taskctl/task/task.go:109.85,111.3 1 3
github.com/geored/taskctl/task/task.go:115.2,116.16 2 46
github.com/geored/taskctl/task/task.go:116.16,118.3 1 0
github.com/geored/taskctl/task/task.go:120.2,128.16 3 46
github.com/geored/taskctl/task/task.go:128.16,130.17 2 45
github.com/geored/taskctl/task/task.go:130.17,132.4 1 0
github.com/geored/taskctl/task/task.go:137.2,138.65 2 46
github.com/geored/taskctl/task/task.go:138.65,140.3 1 1
github.com/geored/taskctl/task/task.go:142.2,142.39 1 45
github.com/geored/taskctl/task/task.go:148.58,152.6 3 45
github.com/geored/taskctl/task/task.go:152.6,154.20 2 91
github.com/geored/taskctl/task/task.go:154.20,157.4 1 0
github.com/geored/taskctl/task/task.go:159.3,160.17 2 91
github.com/geored/taskctl/task/task.go:160.17,162.20 1 45
github.com/geored/taskctl/task/task.go:162.20,164.5 1 0
github.com/geored/taskctl/task/task.go:165.4,165.47 1 45
github.com/geored/taskctl/task/task.go:169.3,170.19 2 46
github.com/geored/taskctl/task/task.go:170.19,172.4 1 45
github.com/geored/taskctl/task/task.go:172.9,174.4 1 1
github.com/geored/taskctl/task/task.go:175.3,175.15 1 46
github.com/geored/taskctl/task/task.go:185.42,187.16 2 138
github.com/geored/taskctl/task/task.go:187.16,188.37 1 29
github.com/geored/taskctl/task/task.go:188.37,190.4 1 29
github.com/geored/taskctl/task/task.go:191.3,191.42 1 0
github.com/geored/taskctl/task/task.go:193.2,194.53 2 109
github.com/geored/taskctl/task/task.go:194.53,196.3 1 2
github.com/geored/taskctl/task/task.go:201.2,202.26 2 107
github.com/geored/taskctl/task/task.go:202.26,204.16 1 553
github.com/geored/taskctl/task/task.go:204.16,206.4 1 0
github.com/geored/taskctl/task/task.go:208.3,208.39 1 553
github.com/geored/taskctl/task/task.go:208.39,210.4 1 0
github.com/geored/taskctl/task/task.go:212.3,212.21 1 553
github.com/geored/taskctl/task/task.go:213.32,213.32 0 553
github.com/geored/taskctl/task/task.go:215.11,216.128 1 0
github.com/geored/taskctl/task/task.go:219.3,219.22 1 553
github.com/geored/taskctl/task/task.go:219.22,220.63 1 28
github.com/geored/taskctl/task/task.go:220.63,222.5 1 0
github.com/geored/taskctl/task/task.go:225.3,225.35 1 553
github.com/geored/taskctl/task/task.go:225.35,227.4 1 0
github.com/geored/taskctl/task/task.go:228.3,228.29 1 553
github.com/geored/taskctl/task/task.go:231.2,231.19 1 107
github.com/geored/taskctl/task/task.go:239.44,241.16 2 80
github.com/geored/taskctl/task/task.go:241.16,243.3 1 0
github.com/geored/taskctl/task/task.go:245.2,247.23 3 80
github.com/geored/taskctl/task/task.go:247.23,248.58 1 80
github.com/geored/taskctl/task/task.go:248.58,250.4 1 80
github.com/geored/taskctl/task/task.go:252.2,253.16 2 80
github.com/geored/taskctl/task/task.go:253.16,255.3 1 0
github.com/geored/taskctl/task/task.go:256.2,259.15 2 80
github.com/geored/taskctl/task/task.go:259.15,261.3 1 80
github.com/geored/taskctl/task/task.go:263.2,263.40 1 80
github.com/geored/taskctl/task/task.go:263.40,266.3 2 0
github.com/geored/taskctl/task/task.go:267.2,267.43 1 80
github.com/geored/taskctl/task/task.go:267.43,270.3 2 0
github.com/geored/taskctl/task/task.go:272.2,272.35 1 80
github.com/geored/taskctl/task/task.go:272.35,275.3 2 0
github.com/geored/taskctl/task/task.go:276.2,276.36 1 80
github.com/geored/taskctl/task/task.go:276.36,278.3 1 0
github.com/geored/taskctl/task/task.go:279.2,279.55 1 80
github.com/geored/taskctl/task/task.go:279.55,281.3 1 0
github.com/geored/taskctl/task/task.go:282.2,282.12 1 80
github.com/geored/taskctl/task/task.go:291.62,294.19 2 79
github.com/geored/taskctl/task/task.go:294.19,296.3 1 4
github.com/geored/taskctl/task/task.go:299.2,299.54 1 75
github.com/geored/taskctl/task/task.go:299.54,301.3 1 1
github.com/geored/taskctl/task/task.go:304.2,304.18 1 74
github.com/geored/taskctl/task/task.go:305.31,305.31 0 69
github.com/geored/taskctl/task/task.go:307.10,308.83 1 5
github.com/geored/taskctl/task/task.go:312.2,312.19 1 69
github.com/geored/taskctl/task/task.go:312.19,313.60 1 8
github.com/geored/taskctl/task/task.go:313.60,315.4 1 1
github.com/geored/taskctl/task/task.go:318.2,322.16 4 68
github.com/geored/taskctl/task/task.go:322.16,324.3 1 0
github.com/geored/taskctl/task/task.go:329.2,330.26 2 68
github.com/geored/taskctl/task/task.go:330.26,331.21 1 232
github.com/geored/taskctl/task/task.go:331.21,333.4 1 232
github.com/geored/taskctl/task/task.go:335.2,335.17 1 68
github.com/geored/taskctl/task/task.go:335.17,337.3 1 1
github.com/geored/taskctl/task/task.go:339.2,346.22 2 67
github.com/geored/taskctl/task/task.go:351.37,352.11 1 50
github.com/geored/taskctl/task/task.go:353.35,354.14 1 44
github.com/geored/taskctl/task/task.go:355.10,356.15 1 6
github.com/geored/taskctl/task/task.go:368.75,370.32 1 50
github.com/geored/taskctl/task/task.go:370.32,372.3 1 6
github.com/geored/taskctl/task/task.go:374.2,378.16 4 44
github.com/geored/taskctl/task/task.go:378.16,380.3 1 0
github.com/geored/taskctl/task/task.go:383.2,385.26 3 44
github.com/geored/taskctl/task/task.go:385.26,386.47 1 260
github.com/geored/taskctl/task/task.go:386.47,387.12 1 8
github.com/geored/taskctl/task/task.go:389.3,389.39 1 252
github.com/geored/taskctl/task/task.go:389.39,390.12 1 2
github.com/geored/taskctl/task/task.go:392.3,392.29 1 250
github.com/geored/taskctl/task/task.go:394.2,394.20 1 44
github.com/geored/taskctl/task/task.go:400.42,401.13 1 13
github.com/geored/taskctl/task/task.go:401.13,403.3 1 2
github.com/geored/taskctl/task/task.go:405.2,409.16 4 11
github.com/geored/taskctl/task/task.go:409.16,411.3 1 0
github.com/geored/taskctl/task/task.go:413.2,413.26 1 11
github.com/geored/taskctl/task/task.go:413.26,414.17 1 23
github.com/geored/taskctl/task/task.go:414.17,417.4 2 9
github.com/geored/taskctl/task/task.go:419.2,419.44 1 2
github.com/geored/taskctl/task/task.go:425.40,426.13 1 5
github.com/geored/taskctl/task/task.go:426.13,428.3 1 2
github.com/geored/taskctl/task/task.go:430.2,434.16 4 3
github.com/geored/taskctl/task/task.go:434.16,436.3 1 0
github.com/geored/taskctl/task/task.go:438.2,440.26 3 3
github.com/geored/taskctl/task/task.go:440.26,441.17 1 2
github.com/geored/taskctl/task/task.go:441.17,443.12 2 1
github.com/geored/taskctl/task/task.go:445.3,445.33 1 1
github.com/geored/taskctl/task/task.go:447.2,447.12 1 3
github.com/geored/taskctl/task/task.go:447.12,449.3 1 2
github.com/geored/taskctl/task/task.go:450.2,450.25 1 1
github.com/geored/taskctl/task/task.go:459.67,464.16 4 6
github.com/geored/taskctl/task/task.go:464.16,466.3 1 1
github.com/geored/taskctl/task/task.go:468.2,469.26 2 5
github.com/geored/taskctl/task/task.go:469.26,470.13 1 13
github.com/geored/taskctl/task/task.go:470.13,472.4 1 6
github.com/geored/taskctl/task/task.go:472.9,474.4 1 7
github.com/geored/taskctl/task/task.go:476.2,479.18 2 5
github.com/geored/taskctl/task/task.go:479.18,481.3 1 3
github.com/geored/taskctl/task/task.go:483.2,483.37 1 2
github.com/geored/taskctl/task/task.go:483.37,485.3 1 0
github.com/geored/taskctl/task/task.go:486.2,486.32 1 2
github.com/geored/taskctl/task/task.go:511.42,516.16 4 4
github.com/geored/taskctl/task/task.go:516.16,518.3 1 0
github.com/geored/taskctl/task/task.go:520.2,523.26 4 4
github.com/geored/taskctl/task/task.go:523.26,525.13 1 10
github.com/geored/taskctl/task/task.go:525.13,527.4 1 2
github.com/geored/taskctl/task/task.go:527.9,529.24 2 8
github.com/geored/taskctl/task/task.go:529.24,531.5 1 2
github.com/geored/taskctl/task/task.go:535.3,535.21 1 10
github.com/geored/taskctl/task/task.go:536.15,537.20 1 4
github.com/geored/taskctl/task/task.go:538.17,539.22 1 3
github.com/geored/taskctl/task/task.go:540.14,541.19 1 3
github.com/geored/taskctl/task/task.go:544.2,544.15 1 4
github.com/geored/taskctl/main.go:22.13,24.2 1 1
github.com/geored/taskctl/main.go:26.13,27.48 1 0
github.com/geored/taskctl/main.go:27.48,30.3 2 0
github.com/geored/taskctl/main.go:33.44,34.19 1 42
github.com/geored/taskctl/main.go:34.19,37.3 2 1
github.com/geored/taskctl/main.go:38.2,38.44 1 41
github.com/geored/taskctl/main.go:38.44,41.3 2 2
github.com/geored/taskctl/main.go:42.2,42.77 1 39
github.com/geored/taskctl/main.go:42.77,45.3 2 3
github.com/geored/taskctl/main.go:47.2,49.38 3 36
github.com/geored/taskctl/main.go:49.38,51.36 2 74
github.com/geored/taskctl/main.go:51.36,52.28 1 19
github.com/geored/taskctl/main.go:52.28,56.5 3 16
github.com/geored/taskctl/main.go:56.10,61.5 1 3
github.com/geored/taskctl/main.go:62.9,62.45 1 55
github.com/geored/taskctl/main.go:62.45,66.4 3 6
github.com/geored/taskctl/main.go:66.9,66.44 1 49
github.com/geored/taskctl/main.go:66.44,70.4 3 1
github.com/geored/taskctl/main.go:74.2,74.32 1 33
github.com/geored/taskctl/main.go:74.32,75.40 1 48
github.com/geored/taskctl/main.go:75.40,77.4 1 0
github.com/geored/taskctl/main.go:80.2,80.36 1 33
github.com/geored/taskctl/main.go:80.36,82.3 1 1
github.com/geored/taskctl/main.go:84.2,84.25 1 32
github.com/geored/taskctl/main.go:84.25,87.3 2 3
github.com/geored/taskctl/main.go:89.2,93.16 4 29
github.com/geored/taskctl/main.go:93.16,95.3 1 4
github.com/geored/taskctl/main.go:97.2,97.13 1 25
github.com/geored/taskctl/main.go:98.13,99.33 1 14
github.com/geored/taskctl/main.go:100.14,101.34 1 6
github.com/geored/taskctl/main.go:102.14,103.34 1 1
github.com/geored/taskctl/main.go:104.16,105.36 1 1
github.com/geored/taskctl/main.go:106.15,107.26 1 1
github.com/geored/taskctl/main.go:108.15,109.26 1 1
github.com/geored/taskctl/main.go:110.10,112.48 2 1
github.com/geored/taskctl/main.go:116.19,132.2 1 7
github.com/geored/taskctl/main.go:138.66,143.39 5 42
github.com/geored/taskctl/main.go:143.39,145.3 1 0
github.com/geored/taskctl/main.go:146.2,146.20 1 42
github.com/geored/taskctl/main.go:146.20,148.3 1 1
github.com/geored/taskctl/main.go:149.2,150.17 2 41
github.com/geored/taskctl/main.go:150.17,152.3 1 1
github.com/geored/taskctl/main.go:153.2,153.16 1 40
github.com/geored/taskctl/main.go:153.16,154.32 1 4
github.com/geored/taskctl/main.go:154.32,156.4 1 1
github.com/geored/taskctl/main.go:159.3,159.59 1 3
github.com/geored/taskctl/main.go:159.59,161.4 1 1
github.com/geored/taskctl/main.go:163.2,163.56 1 38
github.com/geored/taskctl/main.go:163.56,165.3 1 1
github.com/geored/taskctl/main.go:166.2,167.12 2 37
github.com/geored/taskctl/main.go:170.67,175.39 5 13
github.com/geored/taskctl/main.go:175.39,177.3 1 0
github.com/geored/taskctl/main.go:178.2,178.21 1 13
github.com/geored/taskctl/main.go:178.21,179.20 1 3
github.com/geored/taskctl/main.go:180.32,180.32 0 2
github.com/geored/taskctl/main.go:181.11,182.91 1 1
github.com/geored/taskctl/main.go:185.2,186.16 2 12
github.com/geored/taskctl/main.go:186.16,188.3 1 1
github.com/geored/taskctl/main.go:189.2,189.21 1 11
github.com/geored/taskctl/main.go:189.21,192.3 2 3
github.com/geored/taskctl/main.go:193.2,196.26 4 8
github.com/geored/taskctl/main.go:196.26,198.13 2 9
github.com/geored/taskctl/main.go:198.13,200.4 1 1
github.com/geored/taskctl/main.go:201.3,202.16 2 9
github.com/geored/taskctl/main.go:202.16,204.4 1 8
github.com/geored/taskctl/main.go:205.3,206.23 2 9
github.com/geored/taskctl/main.go:206.23,208.4 1 1
github.com/geored/taskctl/main.go:209.3,209.82 1 9
github.com/geored/taskctl/main.go:211.2,211.12 1 8
github.com/geored/taskctl/main.go:217.54,220.39 3 17
github.com/geored/taskctl/main.go:220.39,222.3 1 0
github.com/geored/taskctl/main.go:223.2,223.20 1 17
github.com/geored/taskctl/main.go:223.20,225.3 1 2
github.com/geored/taskctl/main.go:226.2,227.16 2 15
github.com/geored/taskctl/main.go:227.16,229.3 1 2
github.com/geored/taskctl/main.go:230.2,230.13 1 13
github.com/geored/taskctl/main.go:230.13,232.3 1 4
github.com/geored/taskctl/main.go:233.2,233.16 1 9
github.com/geored/taskctl/main.go:236.67,238.16 2 10
github.com/geored/taskctl/main.go:238.16,240.3 1 4
github.com/geored/taskctl/main.go:241.2,241.41 1 6
github.com/geored/taskctl/main.go:241.41,243.3 1 1
github.com/geored/taskctl/main.go:244.2,245.12 2 5
github.com/geored/taskctl/main.go:248.69,250.16 2 7
github.com/geored/taskctl/main.go:250.16,252.3 1 4
github.com/geored/taskctl/main.go:253.2,253.39 1 3
github.com/geored/taskctl/main.go:253.39,255.3 1 1
github.com/geored/taskctl/main.go:256.2,257.12 2 2
github.com/geored/taskctl/main.go:260.53,262.16 2 4
github.com/geored/taskctl/main.go:262.16,264.3 1 0
github.com/geored/taskctl/main.go:265.2,266.17 2 4
github.com/geored/taskctl/main.go:266.17,268.3 1 3
github.com/geored/taskctl/main.go:269.2,277.12 9 4
github.com/geored/taskctl/main.go:280.53,282.16 2 6
github.com/geored/taskctl/main.go:282.16,284.3 1 1
github.com/geored/taskctl/main.go:285.2,286.18 2 5
github.com/geored/taskctl/main.go:286.18,288.3 1 1
github.com/geored/taskctl/main.go:289.2,290.20 2 5
github.com/geored/taskctl/main.go:290.20,292.3 1 2
github.com/geored/taskctl/main.go:293.2,294.12 2 5
